CRITICAL:root:critical
ERROR:root:error
WARNING:root:warning
INFO:root:info test
DEBUG:root:debug
CRITICAL:root:critical
ERROR:root:error
WARNING:root:warning
INFO:root:info test
DEBUG:root:debug
DEBUG:__main__:debug
